// Jest Snapshot v1, https://goo.gl/fbAQLP

exports[`AlbumForm Block Match snapshot 1`] = `
<styled.form>
  <StyledComponent
    forwardedComponent={
      Object {
        "$$typeof": Symbol(react.forward_ref),
        "AddButton": Object {
          "$$typeof": Symbol(react.forward_ref),
          "attrs": Array [],
          "componentStyle": ComponentStyle {
            "componentId": "sc-bdVaJa",
            "isStatic": true,
            "rules": Array [],
          },
          "displayName": "Styled(Component)",
          "foldedComponentIds": Array [],
          "render": [Function],
          "styledComponentId": "sc-bdVaJa",
          "target": [Function],
          "toString": [Function],
          "warnTooManyClasses": [Function],
          "withComponent": [Function],
          Symbol(Symbol.hasInstance): [Function],
        },
        "AlbumInput": Object {
          "$$typeof": Symbol(react.forward_ref),
          "attrs": Array [],
          "componentStyle": ComponentStyle {
            "componentId": "sc-bwzfXH",
            "isStatic": true,
            "rules": Array [],
          },
          "displayName": "Styled(Component)",
          "foldedComponentIds": Array [],
          "render": [Function],
          "styledComponentId": "sc-bwzfXH",
          "target": [Function],
          "toString": [Function],
          "warnTooManyClasses": [Function],
          "withComponent": [Function],
          Symbol(Symbol.hasInstance): [Function],
        },
        "ArtistInput": Object {
          "$$typeof": Symbol(react.forward_ref),
          "attrs": Array [],
          "componentStyle": ComponentStyle {
            "componentId": "sc-htpNat",
            "isStatic": true,
            "rules": Array [],
          },
          "displayName": "Styled(Component)",
          "foldedComponentIds": Array [],
          "render": [Function],
          "styledComponentId": "sc-htpNat",
          "target": [Function],
          "toString": [Function],
          "warnTooManyClasses": [Function],
          "withComponent": [Function],
          Symbol(Symbol.hasInstance): [Function],
        },
        "Content": Object {
          "$$typeof": Symbol(react.forward_ref),
          "attrs": Array [],
          "componentStyle": ComponentStyle {
            "componentId": "sc-bxivhb",
            "isStatic": true,
            "rules": Array [
              "
  && {
    display: flex;
    align-content: stretch;
    align-items: center;

    /* childs margin */
    & > * {
      margin: 12px;
    }
  }
",
            ],
          },
          "displayName": "styled.div",
          "foldedComponentIds": Array [],
          "render": [Function],
          "styledComponentId": "sc-bxivhb",
          "target": "div",
          "toString": [Function],
          "warnTooManyClasses": [Function],
          "withComponent": [Function],
        },
        "TextInput": Object {
          "$$typeof": Symbol(react.forward_ref),
          "attrs": Array [],
          "componentStyle": ComponentStyle {
            "componentId": "sc-ifAKCX",
            "isStatic": true,
            "rules": Array [],
          },
          "displayName": "Styled(Component)",
          "foldedComponentIds": Array [],
          "render": [Function],
          "styledComponentId": "sc-ifAKCX",
          "target": [Function],
          "toString": [Function],
          "warnTooManyClasses": [Function],
          "withComponent": [Function],
          Symbol(Symbol.hasInstance): [Function],
        },
        "attrs": Array [],
        "componentStyle": ComponentStyle {
          "componentId": "sc-EHOje",
          "isStatic": true,
          "lastClassName": "jvzENE",
          "rules": Array [],
        },
        "displayName": "styled.form",
        "foldedComponentIds": Array [],
        "render": [Function],
        "styledComponentId": "sc-EHOje",
        "target": "form",
        "toString": [Function],
        "warnTooManyClasses": [Function],
        "withComponent": [Function],
      }
    }
    forwardedRef={null}
  >
    <form
      className=""
    />
  </StyledComponent>
</styled.form>
`;
